../Core/Src/main.c:95:7:PID_Compute	6
../Core/Src/main.c:117:5:main	24
../Core/Src/main.c:317:6:SystemClock_Config	4
../Core/Src/main.c:356:13:MX_ADC1_Init	3
../Core/Src/main.c:386:13:MX_TIM2_Init	4
../Core/Src/main.c:423:13:MX_TIM3_Init	3
../Core/Src/main.c:463:13:MX_USART1_UART_Init	2
../Core/Src/main.c:486:13:MX_GPIO_Init	1
../Core/Src/main.c:511:6:HAL_GPIO_EXTI_Callback	2
../Core/Src/main.c:524:6:HAL_UART_RxCpltCallback	5
../Core/Src/main.c:543:6:HAL_UART_ErrorCallback	2
../Core/Src/main.c:559:6:Error_Handler	1
