../Core/Src/main.c:107:7:PID_Compute	48	static
../Core/Src/main.c:129:5:main	232	static
../Core/Src/main.c:340:6:SystemClock_Config	88	static
../Core/Src/main.c:385:13:MX_ADC1_Init	24	static
../Core/Src/main.c:432:13:MX_IWDG_Init	8	static
../Core/Src/main.c:460:13:MX_TIM2_Init	48	static
../Core/Src/main.c:509:13:MX_TIM3_Init	56	static
../Core/Src/main.c:558:13:MX_USART1_UART_Init	8	static
../Core/Src/main.c:589:13:MX_DMA_Init	16	static
../Core/Src/main.c:607:13:MX_GPIO_Init	32	static
../Core/Src/main.c:644:6:HAL_GPIO_EXTI_Callback	56	static
../Core/Src/main.c:657:6:HAL_UART_RxCpltCallback	16	static
../Core/Src/main.c:676:6:HAL_UART_ErrorCallback	32	static
../Core/Src/main.c:692:6:Error_Handler	4	static,ignoring_inline_asm
